Copyright 1986-2016 Xilinx, Inc. All Rights Reserved.
-------------------------------------------------------------------------------------------------
| Tool Version      : Vivado v.2016.2 (lin64) Build 1577090 Thu Jun  2 16:32:35 MDT 2016
| Date              : Thu Oct 13 13:41:39 2016
| Host              : spikepig.dhcp.lbl.gov running 64-bit CentOS Linux release 7.2.1511 (Core)
| Command           : report_clock_utilization -file simple_pci_top_clock_utilization_routed.rpt
| Design            : simple_pci_top
| Device            : 7k160t-fbg676
| Speed File        : -2  PRODUCTION 1.12 2014-09-11
| Temperature Grade : C
-------------------------------------------------------------------------------------------------

Clock Utilization Report

Table of Contents
-----------------
1. Clock Primitive Utilization
2. Global Clock Resources
3. Global Clock Source Details
4. Local Clock Details
5. Clock Regions: Key Resource Utilization
6. Clock Regions : Global Clock Summary
7. Cell Type Counts per Global Clock: Region X0Y0
8. Cell Type Counts per Global Clock: Region X1Y0
9. Cell Type Counts per Global Clock: Region X0Y1
10. Cell Type Counts per Global Clock: Region X1Y1
11. Cell Type Counts per Global Clock: Region X0Y2
12. Cell Type Counts per Global Clock: Region X1Y2
13. Cell Type Counts per Global Clock: Region X0Y3
14. Cell Type Counts per Global Clock: Region X1Y3
15. Cell Type Counts per Global Clock: Region X0Y4
16. Cell Type Counts per Global Clock: Region X1Y4
17. Load Cell Placement Summary for Global Clock g0
18. Load Cell Placement Summary for Global Clock g1
19. Load Cell Placement Summary for Global Clock g2
20. Load Cell Placement Summary for Global Clock g3
21. Load Cell Placement Summary for Global Clock g4
22. Load Cell Placement Summary for Global Clock g5
23. Load Cell Placement Summary for Global Clock g6
24. Load Cell Placement Summary for Global Clock g7

1. Clock Primitive Utilization
------------------------------

+----------+------+-----------+-----+--------------+--------+
| Type     | Used | Available | LOC | Clock Region | Pblock |
+----------+------+-----------+-----+--------------+--------+
| BUFGCTRL |    8 |        32 |   0 |            0 |      0 |
| BUFH     |    0 |       120 |   0 |            0 |      0 |
| BUFIO    |    0 |        32 |   0 |            0 |      0 |
| BUFMR    |    0 |        16 |   0 |            0 |      0 |
| BUFR     |    0 |        32 |   0 |            0 |      0 |
| MMCM     |    1 |         8 |   0 |            0 |      0 |
| PLL      |    0 |         8 |   0 |            0 |      0 |
+----------+------+-----------+-----+--------------+--------+


2. Global Clock Resources
-------------------------

+-------+-------+-----------------+------------+----------------+--------------+------+-------------------+---------------+-------------+-----------------+--------------+---------------------------------------------------------------------+--------------------------------------------------------------------------------------------------------------------------------+---------------------------------------------------------------------------------------------------------------------------+
| GlbID | SrcId | Driver Type/Pin | Constraint | Site           | Clock Region | Root | Clock Delay Group | Clock Regions | Clock Loads | Non-Clock Loads | Clock Period | Clock                                                               | Driver Pin                                                                                                                     | Net                                                                                                                       |
+-------+-------+-----------------+------------+----------------+--------------+------+-------------------+---------------+-------------+-----------------+--------------+---------------------------------------------------------------------+--------------------------------------------------------------------------------------------------------------------------------+---------------------------------------------------------------------------------------------------------------------------+
| g0    | src0  | BUFG/O          | None       | BUFGCTRL_X0Y0  | n/a          |      |                   |            10 |       36489 |               0 |        8.000 | userclk2                                                            | qpcie_ipcore/qpcie_xx_hip_top/g_xx_pcie_hip.qpcie_pcie_core_inst/pipe_clock_i/userclk2_i1.usrclk2_i1/O                         | qpcie_ipcore/qpcie_xx_hip_top/g_xx_pcie_hip.qpcie_pcie_core_inst/pipe_clock_i/qpcie_clk_out                               |
| g1    | src0  | BUFGCTRL/O      | None       | BUFGCTRL_X0Y1  | n/a          |      |                   |             2 |        1085 |               0 |        8.000 | Multiple                                                            | qpcie_ipcore/qpcie_xx_hip_top/g_xx_pcie_hip.qpcie_pcie_core_inst/pipe_clock_i/pclk_i1_bufgctrl.pclk_i1/O                       | qpcie_ipcore/qpcie_xx_hip_top/g_xx_pcie_hip.qpcie_pcie_core_inst/pipe_clock_i/pipe_oobclk_out                             |
| g2    | src0  | BUFG/O          | None       | BUFGCTRL_X0Y2  | n/a          |      |                   |             1 |         379 |               0 |        8.000 | clk_125mhz_x0y0                                                     | qpcie_ipcore/qpcie_xx_hip_top/g_xx_pcie_hip.qpcie_pcie_core_inst/pipe_clock_i/dclk_i_bufg.dclk_i/O                             | qpcie_ipcore/qpcie_xx_hip_top/g_xx_pcie_hip.qpcie_pcie_core_inst/pipe_clock_i/CLK                                         |
| g3    | src1  | BUFG/O          | None       | BUFGCTRL_X0Y4  | n/a          |      |                   |             1 |         277 |               0 |       30.000 | dbg_hub/inst/N_EXT_BSCAN.bscan_inst/SERIES7_BSCAN.bscan_inst/DRCK   | dbg_hub/inst/N_EXT_BSCAN.u_bufg_icon/O                                                                                         | dbg_hub/inst/idrck                                                                                                        |
| g4    | src2  | BUFG/O          | None       | BUFGCTRL_X0Y16 | n/a          |      |                   |             1 |          36 |               0 |       10.000 | sys_clk                                                             | qpcie_ipcore/qpcie_xx_hip_top/g_xx_pcie_hip.qpcie_pcie_core_inst/pcie_7x_0_i/inst/gt_top_i/pipe_wrapper_i/cpllpd_refclk_inst/O | qpcie_ipcore/qpcie_xx_hip_top/g_xx_pcie_hip.qpcie_pcie_core_inst/pcie_7x_0_i/inst/gt_top_i/pipe_wrapper_i/gt_cpllpdrefclk |
| g5    | src0  | BUFG/O          | None       | BUFGCTRL_X0Y3  | n/a          |      |                   |             1 |           9 |               0 |        4.000 | userclk1                                                            | qpcie_ipcore/qpcie_xx_hip_top/g_xx_pcie_hip.qpcie_pcie_core_inst/pipe_clock_i/userclk1_i1.usrclk1_i1/O                         | qpcie_ipcore/qpcie_xx_hip_top/g_xx_pcie_hip.qpcie_pcie_core_inst/pipe_clock_i/user_clk                                    |
| g6    | src1  | BUFG/O          | None       | BUFGCTRL_X0Y5  | n/a          |      |                   |             1 |           1 |               0 |       60.000 | dbg_hub/inst/N_EXT_BSCAN.bscan_inst/SERIES7_BSCAN.bscan_inst/UPDATE | dbg_hub/inst/N_EXT_BSCAN.u_bufg_icon_update/O                                                                                  | dbg_hub/inst/UPDATE_temp                                                                                                  |
| g7    | src3  | BUFG/O          | None       | BUFGCTRL_X0Y17 | n/a          |      |                   |             1 |           1 |               0 |       10.000 | TXOUTCLK                                                            | qpcie_ipcore/qpcie_xx_hip_top/g_xx_pcie_hip.qpcie_pcie_core_inst/pipe_clock_i/txoutclk_i.txoutclk_i/O                          | qpcie_ipcore/qpcie_xx_hip_top/g_xx_pcie_hip.qpcie_pcie_core_inst/pipe_clock_i/refclk                                      |
+-------+-------+-----------------+------------+----------------+--------------+------+-------------------+---------------+-------------+-----------------+--------------+---------------------------------------------------------------------+--------------------------------------------------------------------------------------------------------------------------------+---------------------------------------------------------------------------------------------------------------------------+
* Note: Multiple constraint types applied to the driver. Please check for potential conflicts.


3. Global Clock Source Details
------------------------------

+-------+--------+------------------------+--------------------+--------------------+--------------+-------------+-----------------+---------------------+---------------------------------------------------------------------+--------------------------------------------------------------------------------------------------------------------------------------------------------------------------+------------------------------------------------------------------------------------------------------------------------------------------------------+
| SrcID | GlbIDs | Driver Type/Pin        | Constraint         | Site               | Clock Region | Clock Loads | Non-Clock Loads | Source Clock Period | Source Clock                                                        | Driver Pin                                                                                                                                                               | Net                                                                                                                                                  |
+-------+--------+------------------------+--------------------+--------------------+--------------+-------------+-----------------+---------------------+---------------------------------------------------------------------+--------------------------------------------------------------------------------------------------------------------------------------------------------------------------+------------------------------------------------------------------------------------------------------------------------------------------------------+
| src0  | g1, g2 | MMCME2_ADV/CLKOUT0     | None               | MMCME2_ADV_X0Y2    | X0Y2         |           1 |               1 |               8.000 | clk_125mhz_x0y0                                                     | qpcie_ipcore/qpcie_xx_hip_top/g_xx_pcie_hip.qpcie_pcie_core_inst/pipe_clock_i/mmcm_i/CLKOUT0                                                                             | qpcie_ipcore/qpcie_xx_hip_top/g_xx_pcie_hip.qpcie_pcie_core_inst/pipe_clock_i/clk_125mhz                                                             |
| src0  | g5     | MMCME2_ADV/CLKOUT2     | None               | MMCME2_ADV_X0Y2    | X0Y2         |           0 |               1 |               4.000 | userclk1                                                            | qpcie_ipcore/qpcie_xx_hip_top/g_xx_pcie_hip.qpcie_pcie_core_inst/pipe_clock_i/mmcm_i/CLKOUT2                                                                             | qpcie_ipcore/qpcie_xx_hip_top/g_xx_pcie_hip.qpcie_pcie_core_inst/pipe_clock_i/userclk1                                                               |
| src0  | g0     | MMCME2_ADV/CLKOUT3     | None               | MMCME2_ADV_X0Y2    | X0Y2         |           0 |               1 |               8.000 | userclk2                                                            | qpcie_ipcore/qpcie_xx_hip_top/g_xx_pcie_hip.qpcie_pcie_core_inst/pipe_clock_i/mmcm_i/CLKOUT3                                                                             | qpcie_ipcore/qpcie_xx_hip_top/g_xx_pcie_hip.qpcie_pcie_core_inst/pipe_clock_i/userclk2                                                               |
| src1  | g3     | BSCANE2/DRCK           | None               | BSCAN_X0Y0         | X0Y2         |           0 |               1 |              30.000 | dbg_hub/inst/N_EXT_BSCAN.bscan_inst/SERIES7_BSCAN.bscan_inst/DRCK   | dbg_hub/inst/N_EXT_BSCAN.bscan_inst/SERIES7_BSCAN.bscan_inst/DRCK                                                                                                        | dbg_hub/inst/N_EXT_BSCAN.bscan_inst/DRCK                                                                                                             |
| src1  | g6     | BSCANE2/UPDATE         | None               | BSCAN_X0Y0         | X0Y2         |           0 |               1 |              60.000 | dbg_hub/inst/N_EXT_BSCAN.bscan_inst/SERIES7_BSCAN.bscan_inst/UPDATE | dbg_hub/inst/N_EXT_BSCAN.bscan_inst/SERIES7_BSCAN.bscan_inst/UPDATE                                                                                                      | dbg_hub/inst/N_EXT_BSCAN.bscan_inst/UPDATE                                                                                                           |
| src2  | g4     | IBUFDS_GTE2/O          | IBUFDS_GTE2_X0Y2   | IBUFDS_GTE2_X0Y2   | X1Y4         |           5 |               1 |              10.000 | sys_clk                                                             | qpcie_ipcore/qpcie_xx_hip_top/g_xx_pcie_hip.qpcie_pcie_core_inst/refclk_ibuf/O                                                                                           | qpcie_ipcore/qpcie_xx_hip_top/g_xx_pcie_hip.qpcie_pcie_core_inst/sys_clk                                                                             |
| src3  | g7     | GTXE2_CHANNEL/TXOUTCLK | GTXE2_CHANNEL_X0Y7 | GTXE2_CHANNEL_X0Y7 | X1Y4         |           0 |               1 |              10.000 | TXOUTCLK                                                            | qpcie_ipcore/qpcie_xx_hip_top/g_xx_pcie_hip.qpcie_pcie_core_inst/pcie_7x_0_i/inst/gt_top_i/pipe_wrapper_i/pipe_lane[0].gt_wrapper_i/gtx_channel.gtxe2_channel_i/TXOUTCLK | qpcie_ipcore/qpcie_xx_hip_top/g_xx_pcie_hip.qpcie_pcie_core_inst/pcie_7x_0_i/inst/gt_top_i/pipe_wrapper_i/pipe_lane[0].gt_wrapper_i/pipe_txoutclk_in |
+-------+--------+------------------------+--------------------+--------------------+--------------+-------------+-----------------+---------------------+---------------------------------------------------------------------+--------------------------------------------------------------------------------------------------------------------------------------------------------------------------+------------------------------------------------------------------------------------------------------------------------------------------------------+
* Note: Multiple constraint types applied to the driver. Please check for potential conflicts.


4. Local Clock Details
----------------------

+-------+-------------------------+------------+--------------------------------+--------------+-------------+-----------------+--------------+-------+----------------------------------------------------------------------------------------------------------------------------------------------------------------------------------------------------------------------------------+-------------------------------------------------------------------------------------------------------------------------------------------------------------------------------------------------------------+
| LocId | Driver Type/Pin         | Constraint | Site/BEL                       | Clock Region | Clock Loads | Non-Clock Loads | Clock Period | Clock | Driver Pin                                                                                                                                                                                                                       | Net                                                                                                                                                                                                         |
+-------+-------------------------+------------+--------------------------------+--------------+-------------+-----------------+--------------+-------+----------------------------------------------------------------------------------------------------------------------------------------------------------------------------------------------------------------------------------+-------------------------------------------------------------------------------------------------------------------------------------------------------------------------------------------------------------+
| 0     | GTXE2_COMMON/QPLLOUTCLK | None       | GTXE2_COMMON_X0Y1/GTXE2_COMMON | X1Y4         |           4 |               0 |              |       | qpcie_ipcore/qpcie_xx_hip_top/g_xx_pcie_hip.qpcie_pcie_core_inst/pcie_7x_0_i/inst/gt_top_i/pipe_wrapper_i/pipe_lane[0].pipe_quad.gt_common_enabled.gt_common_int.gt_common_i/qpll_wrapper_i/gtx_common.gtxe2_common_i/QPLLOUTCLK | qpcie_ipcore/qpcie_xx_hip_top/g_xx_pcie_hip.qpcie_pcie_core_inst/pcie_7x_0_i/inst/gt_top_i/pipe_wrapper_i/pipe_lane[0].pipe_quad.gt_common_enabled.gt_common_int.gt_common_i/qpll_wrapper_i/QPLL_QPLLOUTCLK |
+-------+-------------------------+------------+--------------------------------+--------------+-------------+-----------------+--------------+-------+----------------------------------------------------------------------------------------------------------------------------------------------------------------------------------------------------------------------------------+-------------------------------------------------------------------------------------------------------------------------------------------------------------------------------------------------------------+
* Note: Multiple constraint types applied to the driver. Please check for potential conflicts.


5. Clock Regions: Key Resource Utilization
------------------------------------------

+-------------------+--------------+--------------+--------------+--------------+--------------+--------------+--------------+--------------+--------------+--------------+--------------+--------------+--------------+--------------+--------------+
|                   | Global Clock |     BUFRs    |    BUFMRs    |    BUFIOs    |     MMCM     |      PLL     |      GT      |      PCI     |    ILOGIC    |    OLOGIC    |      FF      |     LUTM     |    RAMB18    |    RAMB36    |    DSP48E2   |
+-------------------+------+-------+------+-------+------+-------+------+-------+------+-------+------+-------+------+-------+------+-------+------+-------+------+-------+------+-------+------+-------+------+-------+------+-------+------+-------+
| Clock Region Name | Used | Avail | Used | Avail | Used | Avail | Used | Avail | Used | Avail | Used | Avail | Used | Avail | Used | Avail | Used | Avail | Used | Avail | Used | Avail | Used | Avail | Used | Avail | Used | Avail | Used | Avail |
+-------------------+------+-------+------+-------+------+-------+------+-------+------+-------+------+-------+------+-------+------+-------+------+-------+------+-------+------+-------+------+-------+------+-------+------+-------+------+-------+
| X0Y0              |    1 |    12 |    0 |     4 |    0 |     2 |    0 |     4 |    0 |     1 |    0 |     1 |    0 |     0 |    0 |     0 |    0 |    50 |    0 |    50 |  376 | 22400 |   18 |  3400 |    0 |     0 |    1 |    30 |    0 |    60 |
| X1Y0              |    1 |    12 |    0 |     4 |    0 |     2 |    0 |     4 |    0 |     1 |    0 |     1 |    0 |     0 |    0 |     0 |    0 |    50 |    0 |    50 |  149 | 21600 |   20 |  3800 |    0 |     0 |    2 |    40 |    0 |    60 |
| X0Y1              |    3 |    12 |    0 |     4 |    0 |     2 |    0 |     4 |    0 |     1 |    0 |     1 |    0 |     0 |    0 |     0 |    0 |    50 |    0 |    50 | 6575 | 22400 |  857 |  3400 |    0 |     0 |   17 |    30 |    0 |    60 |
| X1Y1              |    1 |    12 |    0 |     4 |    0 |     2 |    0 |     4 |    0 |     1 |    0 |     1 |    0 |     0 |    0 |     0 |    0 |    50 |    0 |    50 | 3697 | 21600 |  411 |  3800 |    0 |     0 |   16 |    40 |    0 |    60 |
| X0Y2              |    2 |    12 |    0 |     4 |    0 |     2 |    0 |     4 |    1 |     1 |    0 |     1 |    0 |     0 |    0 |     0 |    0 |    50 |    0 |    50 | 3660 | 17600 |  286 |  3400 |    0 |     0 |    2 |    30 |    0 |    60 |
| X1Y2              |    1 |    12 |    0 |     4 |    0 |     2 |    0 |     4 |    0 |     1 |    0 |     1 |    0 |     0 |    0 |     0 |    0 |    50 |    0 |    50 | 3276 | 21600 |  104 |  3800 |    0 |     0 |    6 |    40 |    0 |    60 |
| X0Y3              |    1 |    12 |    0 |     4 |    0 |     2 |    0 |     4 |    0 |     1 |    0 |     1 |    0 |     0 |    0 |     0 |    0 |    50 |    0 |    50 | 1534 | 17600 |    4 |  3400 |    0 |     0 |    0 |    30 |    0 |    60 |
| X1Y3              |    3 |    12 |    0 |     0 |    0 |     0 |    0 |     0 |    0 |     0 |    0 |     0 |    0 |     5 |    0 |     0 |    0 |     0 |    0 |     0 | 3399 | 17200 |   23 |  3200 |    0 |     0 |    6 |    25 |    0 |    60 |
| X0Y4              |    1 |    12 |    0 |     4 |    0 |     2 |    0 |     4 |    0 |     1 |    0 |     1 |    0 |     0 |    0 |     0 |    0 |    50 |    0 |    50 |  150 | 22400 |    1 |  3400 |    0 |     0 |    0 |    30 |    0 |    60 |
| X1Y4              |    4 |    12 |    0 |     0 |    0 |     0 |    0 |     0 |    0 |     0 |    0 |     0 |    5 |     5 |    0 |     0 |    0 |     0 |    0 |     0 | 1073 | 18400 |   39 |  3400 |    0 |     0 |    0 |    30 |    0 |    60 |
+-------------------+------+-------+------+-------+------+-------+------+-------+------+-------+------+-------+------+-------+------+-------+------+-------+------+-------+------+-------+------+-------+------+-------+------+-------+------+-------+
* Used Global Clocks includes only global clock resources based on load placement but does not consider global clock resources used to traverse a clock region. Therefore the actual total of Used Global Clocks may be higher.
** RAMB36 site can be used as two RAMB18/FIFO18 sites.


6. Clock Regions : Global Clock Summary
---------------------------------------

+----+----+----+
|    | X0 | X1 |
+----+----+----+
| Y4 |  1 |  4 |
| Y3 |  1 |  3 |
| Y2 |  2 |  1 |
| Y1 |  3 |  1 |
| Y0 |  1 |  1 |
+----+----+----+
* Used Global Clocks includes only global clock resources based on load placement but does not consider global clock resources used to traverse a clock region. Therefore the actual total of Used Global Clocks may be higher.


7. Cell Type Counts per Global Clock: Region X0Y0
-------------------------------------------------

+-------+-------+-----------------+------------+-------------+-----------------+-----+--------+------+-----+----+------+-----+---------+---------------------------------------------------------------------------------------------+
| GlbID | Track | Driver Type/Pin | Constraint | Clock Loads | Non-Clock Loads | FF  | LUTRAM | RAMB | DSP | GT | MMCM | PLL | Hard IP | Net                                                                                         |
+-------+-------+-----------------+------------+-------------+-----------------+-----+--------+------+-----+----+------+-----+---------+---------------------------------------------------------------------------------------------+
| g0    | n/a   | BUFG/O          | None       |           0 |             378 | 376 |     18 |    1 |   0 |  0 |    0 |   0 |       0 | qpcie_ipcore/qpcie_xx_hip_top/g_xx_pcie_hip.qpcie_pcie_core_inst/pipe_clock_i/qpcie_clk_out |
+-------+-------+-----------------+------------+-------------+-----------------+-----+--------+------+-----+----+------+-----+---------+---------------------------------------------------------------------------------------------+
* Note: Multiple constraint types applied to the driver. Please check for potential conflicts.


8. Cell Type Counts per Global Clock: Region X1Y0
-------------------------------------------------

+-------+-------+-----------------+------------+-------------+-----------------+-----+--------+------+-----+----+------+-----+---------+---------------------------------------------------------------------------------------------+
| GlbID | Track | Driver Type/Pin | Constraint | Clock Loads | Non-Clock Loads | FF  | LUTRAM | RAMB | DSP | GT | MMCM | PLL | Hard IP | Net                                                                                         |
+-------+-------+-----------------+------------+-------------+-----------------+-----+--------+------+-----+----+------+-----+---------+---------------------------------------------------------------------------------------------+
| g0    | n/a   | BUFG/O          | None       |           0 |             151 | 149 |     20 |    2 |   0 |  0 |    0 |   0 |       0 | qpcie_ipcore/qpcie_xx_hip_top/g_xx_pcie_hip.qpcie_pcie_core_inst/pipe_clock_i/qpcie_clk_out |
+-------+-------+-----------------+------------+-------------+-----------------+-----+--------+------+-----+----+------+-----+---------+---------------------------------------------------------------------------------------------+
* Note: Multiple constraint types applied to the driver. Please check for potential conflicts.


9. Cell Type Counts per Global Clock: Region X0Y1
-------------------------------------------------

+-------+-------+-----------------+------------+-------------+-----------------+------+--------+------+-----+----+------+-----+---------+---------------------------------------------------------------------------------------------+
| GlbID | Track | Driver Type/Pin | Constraint | Clock Loads | Non-Clock Loads | FF   | LUTRAM | RAMB | DSP | GT | MMCM | PLL | Hard IP | Net                                                                                         |
+-------+-------+-----------------+------------+-------------+-----------------+------+--------+------+-----+----+------+-----+---------+---------------------------------------------------------------------------------------------+
| g0    | n/a   | BUFG/O          | None       |           0 |            6373 | 6355 |    845 |   17 |   0 |  0 |    0 |   0 |       0 | qpcie_ipcore/qpcie_xx_hip_top/g_xx_pcie_hip.qpcie_pcie_core_inst/pipe_clock_i/qpcie_clk_out |
| g3    | n/a   | BUFG/O          | None       |           0 |             223 |  223 |     16 |    0 |   0 |  0 |    0 |   0 |       0 | dbg_hub/inst/idrck                                                                          |
| g6    | n/a   | BUFG/O          | None       |           0 |               1 |    1 |      0 |    0 |   0 |  0 |    0 |   0 |       0 | dbg_hub/inst/UPDATE_temp                                                                    |
+-------+-------+-----------------+------------+-------------+-----------------+------+--------+------+-----+----+------+-----+---------+---------------------------------------------------------------------------------------------+
* Note: Multiple constraint types applied to the driver. Please check for potential conflicts.


10. Cell Type Counts per Global Clock: Region X1Y1
--------------------------------------------------

+-------+-------+-----------------+------------+-------------+-----------------+------+--------+------+-----+----+------+-----+---------+---------------------------------------------------------------------------------------------+
| GlbID | Track | Driver Type/Pin | Constraint | Clock Loads | Non-Clock Loads | FF   | LUTRAM | RAMB | DSP | GT | MMCM | PLL | Hard IP | Net                                                                                         |
+-------+-------+-----------------+------------+-------------+-----------------+------+--------+------+-----+----+------+-----+---------+---------------------------------------------------------------------------------------------+
| g0    | n/a   | BUFG/O          | None       |           0 |            3714 | 3697 |    411 |   16 |   0 |  0 |    0 |   0 |       0 | qpcie_ipcore/qpcie_xx_hip_top/g_xx_pcie_hip.qpcie_pcie_core_inst/pipe_clock_i/qpcie_clk_out |
+-------+-------+-----------------+------------+-------------+-----------------+------+--------+------+-----+----+------+-----+---------+---------------------------------------------------------------------------------------------+
* Note: Multiple constraint types applied to the driver. Please check for potential conflicts.


11. Cell Type Counts per Global Clock: Region X0Y2
--------------------------------------------------

+-------+-------+-----------------+------------+-------------+-----------------+------+--------+------+-----+----+------+-----+---------+---------------------------------------------------------------------------------------------+
| GlbID | Track | Driver Type/Pin | Constraint | Clock Loads | Non-Clock Loads | FF   | LUTRAM | RAMB | DSP | GT | MMCM | PLL | Hard IP | Net                                                                                         |
+-------+-------+-----------------+------------+-------------+-----------------+------+--------+------+-----+----+------+-----+---------+---------------------------------------------------------------------------------------------+
| g0    | n/a   | BUFG/O          | None       |           0 |            3662 | 3660 |    286 |    2 |   0 |  0 |    0 |   0 |       0 | qpcie_ipcore/qpcie_xx_hip_top/g_xx_pcie_hip.qpcie_pcie_core_inst/pipe_clock_i/qpcie_clk_out |
| g7    | n/a   | BUFG/O          | None       |           1 |               0 |    0 |      0 |    0 |   0 |  0 |    1 |   0 |       0 | qpcie_ipcore/qpcie_xx_hip_top/g_xx_pcie_hip.qpcie_pcie_core_inst/pipe_clock_i/refclk        |
+-------+-------+-----------------+------------+-------------+-----------------+------+--------+------+-----+----+------+-----+---------+---------------------------------------------------------------------------------------------+
* Note: Multiple constraint types applied to the driver. Please check for potential conflicts.


12. Cell Type Counts per Global Clock: Region X1Y2
--------------------------------------------------

+-------+-------+-----------------+------------+-------------+-----------------+------+--------+------+-----+----+------+-----+---------+---------------------------------------------------------------------------------------------+
| GlbID | Track | Driver Type/Pin | Constraint | Clock Loads | Non-Clock Loads | FF   | LUTRAM | RAMB | DSP | GT | MMCM | PLL | Hard IP | Net                                                                                         |
+-------+-------+-----------------+------------+-------------+-----------------+------+--------+------+-----+----+------+-----+---------+---------------------------------------------------------------------------------------------+
| g0    | n/a   | BUFG/O          | None       |           0 |            3282 | 3276 |    104 |    6 |   0 |  0 |    0 |   0 |       0 | qpcie_ipcore/qpcie_xx_hip_top/g_xx_pcie_hip.qpcie_pcie_core_inst/pipe_clock_i/qpcie_clk_out |
+-------+-------+-----------------+------------+-------------+-----------------+------+--------+------+-----+----+------+-----+---------+---------------------------------------------------------------------------------------------+
* Note: Multiple constraint types applied to the driver. Please check for potential conflicts.


13. Cell Type Counts per Global Clock: Region X0Y3
--------------------------------------------------

+-------+-------+-----------------+------------+-------------+-----------------+------+--------+------+-----+----+------+-----+---------+---------------------------------------------------------------------------------------------+
| GlbID | Track | Driver Type/Pin | Constraint | Clock Loads | Non-Clock Loads | FF   | LUTRAM | RAMB | DSP | GT | MMCM | PLL | Hard IP | Net                                                                                         |
+-------+-------+-----------------+------------+-------------+-----------------+------+--------+------+-----+----+------+-----+---------+---------------------------------------------------------------------------------------------+
| g0    | n/a   | BUFG/O          | None       |           0 |            1534 | 1534 |      4 |    0 |   0 |  0 |    0 |   0 |       0 | qpcie_ipcore/qpcie_xx_hip_top/g_xx_pcie_hip.qpcie_pcie_core_inst/pipe_clock_i/qpcie_clk_out |
+-------+-------+-----------------+------------+-------------+-----------------+------+--------+------+-----+----+------+-----+---------+---------------------------------------------------------------------------------------------+
* Note: Multiple constraint types applied to the driver. Please check for potential conflicts.


14. Cell Type Counts per Global Clock: Region X1Y3
--------------------------------------------------

+-------+-------+-----------------+------------+-------------+-----------------+------+--------+------+-----+----+------+-----+---------+-----------------------------------------------------------------------------------------------+
| GlbID | Track | Driver Type/Pin | Constraint | Clock Loads | Non-Clock Loads | FF   | LUTRAM | RAMB | DSP | GT | MMCM | PLL | Hard IP | Net                                                                                           |
+-------+-------+-----------------+------------+-------------+-----------------+------+--------+------+-----+----+------+-----+---------+-----------------------------------------------------------------------------------------------+
| g0    | n/a   | BUFG/O          | None       |           0 |            3401 | 3398 |     22 |    2 |   0 |  0 |    0 |   0 |       1 | qpcie_ipcore/qpcie_xx_hip_top/g_xx_pcie_hip.qpcie_pcie_core_inst/pipe_clock_i/qpcie_clk_out   |
| g1    | n/a   | BUFGCTRL/O      | None       |           0 |               2 |    1 |      1 |    0 |   0 |  0 |    0 |   0 |       1 | qpcie_ipcore/qpcie_xx_hip_top/g_xx_pcie_hip.qpcie_pcie_core_inst/pipe_clock_i/pipe_oobclk_out |
| g5    | n/a   | BUFG/O          | None       |           0 |               5 |    0 |      0 |    4 |   0 |  0 |    0 |   0 |       1 | qpcie_ipcore/qpcie_xx_hip_top/g_xx_pcie_hip.qpcie_pcie_core_inst/pipe_clock_i/user_clk        |
+-------+-------+-----------------+------------+-------------+-----------------+------+--------+------+-----+----+------+-----+---------+-----------------------------------------------------------------------------------------------+
* Note: Multiple constraint types applied to the driver. Please check for potential conflicts.


15. Cell Type Counts per Global Clock: Region X0Y4
--------------------------------------------------

+-------+-------+-----------------+------------+-------------+-----------------+-----+--------+------+-----+----+------+-----+---------+---------------------------------------------------------------------------------------------+
| GlbID | Track | Driver Type/Pin | Constraint | Clock Loads | Non-Clock Loads | FF  | LUTRAM | RAMB | DSP | GT | MMCM | PLL | Hard IP | Net                                                                                         |
+-------+-------+-----------------+------------+-------------+-----------------+-----+--------+------+-----+----+------+-----+---------+---------------------------------------------------------------------------------------------+
| g0    | n/a   | BUFG/O          | None       |           0 |             150 | 150 |      1 |    0 |   0 |  0 |    0 |   0 |       0 | qpcie_ipcore/qpcie_xx_hip_top/g_xx_pcie_hip.qpcie_pcie_core_inst/pipe_clock_i/qpcie_clk_out |
+-------+-------+-----------------+------------+-------------+-----------------+-----+--------+------+-----+----+------+-----+---------+---------------------------------------------------------------------------------------------+
* Note: Multiple constraint types applied to the driver. Please check for potential conflicts.


16. Cell Type Counts per Global Clock: Region X1Y4
--------------------------------------------------

+-------+-------+-----------------+------------+-------------+-----------------+-----+--------+------+-----+----+------+-----+---------+---------------------------------------------------------------------------------------------------------------------------+
| GlbID | Track | Driver Type/Pin | Constraint | Clock Loads | Non-Clock Loads | FF  | LUTRAM | RAMB | DSP | GT | MMCM | PLL | Hard IP | Net                                                                                                                       |
+-------+-------+-----------------+------------+-------------+-----------------+-----+--------+------+-----+----+------+-----+---------+---------------------------------------------------------------------------------------------------------------------------+
| g0    | n/a   | BUFG/O          | None       |           0 |              74 |  74 |      2 |    0 |   0 |  0 |    0 |   0 |       0 | qpcie_ipcore/qpcie_xx_hip_top/g_xx_pcie_hip.qpcie_pcie_core_inst/pipe_clock_i/qpcie_clk_out                               |
| g1    | n/a   | BUFGCTRL/O      | None       |           0 |             695 | 691 |     28 |    0 |   0 |  4 |    0 |   0 |       0 | qpcie_ipcore/qpcie_xx_hip_top/g_xx_pcie_hip.qpcie_pcie_core_inst/pipe_clock_i/pipe_oobclk_out                             |
| g2    | n/a   | BUFG/O          | None       |           0 |             309 | 304 |      5 |    0 |   0 |  5 |    0 |   0 |       0 | qpcie_ipcore/qpcie_xx_hip_top/g_xx_pcie_hip.qpcie_pcie_core_inst/pipe_clock_i/CLK                                         |
| g4    | n/a   | BUFG/O          | None       |           0 |               4 |   4 |      4 |    0 |   0 |  0 |    0 |   0 |       0 | qpcie_ipcore/qpcie_xx_hip_top/g_xx_pcie_hip.qpcie_pcie_core_inst/pcie_7x_0_i/inst/gt_top_i/pipe_wrapper_i/gt_cpllpdrefclk |
+-------+-------+-----------------+------------+-------------+-----------------+-----+--------+------+-----+----+------+-----+---------+---------------------------------------------------------------------------------------------------------------------------+
* Note: Multiple constraint types applied to the driver. Please check for potential conflicts.


17. Load Cell Placement Summary for Global Clock g0
---------------------------------------------------

+-------+-----------------+-------------------+----------+-------------+---------------+----------+-------------+----------+-------------+----+---------------------------------------------------------------------------------------------+
| GlbID | Driver Type/Pin | Driver Region (D) | Clock    | Period (ns) | Waveform (ns) | Root (R) | Slice Loads | IO Loads | Clock Loads | GT | Net                                                                                         |
+-------+-----------------+-------------------+----------+-------------+---------------+----------+-------------+----------+-------------+----+---------------------------------------------------------------------------------------------+
| g0    | BUFG/O          | n/a               | userclk2 |       8.000 | {0.000 4.000} |          |       22719 |        0 |           0 |  0 | qpcie_ipcore/qpcie_xx_hip_top/g_xx_pcie_hip.qpcie_pcie_core_inst/pipe_clock_i/qpcie_clk_out |
+-------+-----------------+-------------------+----------+-------------+---------------+----------+-------------+----------+-------------+----+---------------------------------------------------------------------------------------------+


+----+-------+-------+
|    | X0    | X1    |
+----+-------+-------+
| Y4 |   150 |    74 |
| Y3 |  1534 |  3401 |
| Y2 |  3662 |  3282 |
| Y1 |  6373 |  3714 |
| Y0 |   378 |   151 |
+----+-------+-------+


18. Load Cell Placement Summary for Global Clock g1
---------------------------------------------------

+-------+-----------------+-------------------+----------+-------------+---------------+----------+-------------+----------+-------------+----+-----------------------------------------------------------------------------------------------+
| GlbID | Driver Type/Pin | Driver Region (D) | Clock    | Period (ns) | Waveform (ns) | Root (R) | Slice Loads | IO Loads | Clock Loads | GT | Net                                                                                           |
+-------+-----------------+-------------------+----------+-------------+---------------+----------+-------------+----------+-------------+----+-----------------------------------------------------------------------------------------------+
| g1    | BUFGCTRL/O      | n/a               | Multiple |       8.000 | {0.000 4.000} |          |         693 |        0 |           0 |  4 | qpcie_ipcore/qpcie_xx_hip_top/g_xx_pcie_hip.qpcie_pcie_core_inst/pipe_clock_i/pipe_oobclk_out |
+-------+-----------------+-------------------+----------+-------------+---------------+----------+-------------+----------+-------------+----+-----------------------------------------------------------------------------------------------+


+----+----+------+
|    | X0 | X1   |
+----+----+------+
| Y4 |  0 |  695 |
| Y3 |  0 |    2 |
| Y2 |  0 |    0 |
| Y1 |  0 |    0 |
| Y0 |  0 |    0 |
+----+----+------+


19. Load Cell Placement Summary for Global Clock g2
---------------------------------------------------

+-------+-----------------+-------------------+-----------------+-------------+---------------+----------+-------------+----------+-------------+----+-----------------------------------------------------------------------------------+
| GlbID | Driver Type/Pin | Driver Region (D) | Clock           | Period (ns) | Waveform (ns) | Root (R) | Slice Loads | IO Loads | Clock Loads | GT | Net                                                                               |
+-------+-----------------+-------------------+-----------------+-------------+---------------+----------+-------------+----------+-------------+----+-----------------------------------------------------------------------------------+
| g2    | BUFG/O          | n/a               | clk_125mhz_x0y0 |       8.000 | {0.000 4.000} |          |         304 |        0 |           0 |  5 | qpcie_ipcore/qpcie_xx_hip_top/g_xx_pcie_hip.qpcie_pcie_core_inst/pipe_clock_i/CLK |
+-------+-----------------+-------------------+-----------------+-------------+---------------+----------+-------------+----------+-------------+----+-----------------------------------------------------------------------------------+


+----+----+------+
|    | X0 | X1   |
+----+----+------+
| Y4 |  0 |  309 |
| Y3 |  0 |    0 |
| Y2 |  0 |    0 |
| Y1 |  0 |    0 |
| Y0 |  0 |    0 |
+----+----+------+


20. Load Cell Placement Summary for Global Clock g3
---------------------------------------------------

+-------+-----------------+-------------------+-------------------------------------------------------------------+-------------+----------------+----------+-------------+----------+-------------+----+--------------------+
| GlbID | Driver Type/Pin | Driver Region (D) | Clock                                                             | Period (ns) | Waveform (ns)  | Root (R) | Slice Loads | IO Loads | Clock Loads | GT | Net                |
+-------+-----------------+-------------------+-------------------------------------------------------------------+-------------+----------------+----------+-------------+----------+-------------+----+--------------------+
| g3    | BUFG/O          | n/a               | dbg_hub/inst/N_EXT_BSCAN.bscan_inst/SERIES7_BSCAN.bscan_inst/DRCK |      30.000 | {0.000 15.000} |          |         223 |        0 |           0 |  0 | dbg_hub/inst/idrck |
+-------+-----------------+-------------------+-------------------------------------------------------------------+-------------+----------------+----------+-------------+----------+-------------+----+--------------------+


+----+------+----+
|    | X0   | X1 |
+----+------+----+
| Y4 |    0 |  0 |
| Y3 |    0 |  0 |
| Y2 |    0 |  0 |
| Y1 |  223 |  0 |
| Y0 |    0 |  0 |
+----+------+----+


21. Load Cell Placement Summary for Global Clock g4
---------------------------------------------------

+-------+-----------------+-------------------+---------+-------------+---------------+----------+-------------+----------+-------------+----+---------------------------------------------------------------------------------------------------------------------------+
| GlbID | Driver Type/Pin | Driver Region (D) | Clock   | Period (ns) | Waveform (ns) | Root (R) | Slice Loads | IO Loads | Clock Loads | GT | Net                                                                                                                       |
+-------+-----------------+-------------------+---------+-------------+---------------+----------+-------------+----------+-------------+----+---------------------------------------------------------------------------------------------------------------------------+
| g4    | BUFG/O          | n/a               | sys_clk |      10.000 | {0.000 5.000} |          |           4 |        0 |           0 |  0 | qpcie_ipcore/qpcie_xx_hip_top/g_xx_pcie_hip.qpcie_pcie_core_inst/pcie_7x_0_i/inst/gt_top_i/pipe_wrapper_i/gt_cpllpdrefclk |
+-------+-----------------+-------------------+---------+-------------+---------------+----------+-------------+----------+-------------+----+---------------------------------------------------------------------------------------------------------------------------+


+----+----+----+
|    | X0 | X1 |
+----+----+----+
| Y4 |  0 |  4 |
| Y3 |  0 |  0 |
| Y2 |  0 |  0 |
| Y1 |  0 |  0 |
| Y0 |  0 |  0 |
+----+----+----+


22. Load Cell Placement Summary for Global Clock g5
---------------------------------------------------

+-------+-----------------+-------------------+----------+-------------+---------------+----------+-------------+----------+-------------+----+----------------------------------------------------------------------------------------+
| GlbID | Driver Type/Pin | Driver Region (D) | Clock    | Period (ns) | Waveform (ns) | Root (R) | Slice Loads | IO Loads | Clock Loads | GT | Net                                                                                    |
+-------+-----------------+-------------------+----------+-------------+---------------+----------+-------------+----------+-------------+----+----------------------------------------------------------------------------------------+
| g5    | BUFG/O          | n/a               | userclk1 |       4.000 | {0.000 2.000} |          |           5 |        0 |           0 |  0 | qpcie_ipcore/qpcie_xx_hip_top/g_xx_pcie_hip.qpcie_pcie_core_inst/pipe_clock_i/user_clk |
+-------+-----------------+-------------------+----------+-------------+---------------+----------+-------------+----------+-------------+----+----------------------------------------------------------------------------------------+


+----+----+----+
|    | X0 | X1 |
+----+----+----+
| Y4 |  0 |  0 |
| Y3 |  0 |  5 |
| Y2 |  0 |  0 |
| Y1 |  0 |  0 |
| Y0 |  0 |  0 |
+----+----+----+


23. Load Cell Placement Summary for Global Clock g6
---------------------------------------------------

+-------+-----------------+-------------------+---------------------------------------------------------------------+-------------+----------------+----------+-------------+----------+-------------+----+--------------------------+
| GlbID | Driver Type/Pin | Driver Region (D) | Clock                                                               | Period (ns) | Waveform (ns)  | Root (R) | Slice Loads | IO Loads | Clock Loads | GT | Net                      |
+-------+-----------------+-------------------+---------------------------------------------------------------------+-------------+----------------+----------+-------------+----------+-------------+----+--------------------------+
| g6    | BUFG/O          | n/a               | dbg_hub/inst/N_EXT_BSCAN.bscan_inst/SERIES7_BSCAN.bscan_inst/UPDATE |      60.000 | {0.000 30.000} |          |           1 |        0 |           0 |  0 | dbg_hub/inst/UPDATE_temp |
+-------+-----------------+-------------------+---------------------------------------------------------------------+-------------+----------------+----------+-------------+----------+-------------+----+--------------------------+


+----+----+----+
|    | X0 | X1 |
+----+----+----+
| Y4 |  0 |  0 |
| Y3 |  0 |  0 |
| Y2 |  0 |  0 |
| Y1 |  1 |  0 |
| Y0 |  0 |  0 |
+----+----+----+


24. Load Cell Placement Summary for Global Clock g7
---------------------------------------------------

+-------+-----------------+-------------------+----------+-------------+---------------+----------+-------------+----------+-------------+----+--------------------------------------------------------------------------------------+
| GlbID | Driver Type/Pin | Driver Region (D) | Clock    | Period (ns) | Waveform (ns) | Root (R) | Slice Loads | IO Loads | Clock Loads | GT | Net                                                                                  |
+-------+-----------------+-------------------+----------+-------------+---------------+----------+-------------+----------+-------------+----+--------------------------------------------------------------------------------------+
| g7    | BUFG/O          | n/a               | TXOUTCLK |      10.000 | {0.000 5.000} |          |           0 |        0 |           1 |  0 | qpcie_ipcore/qpcie_xx_hip_top/g_xx_pcie_hip.qpcie_pcie_core_inst/pipe_clock_i/refclk |
+-------+-----------------+-------------------+----------+-------------+---------------+----------+-------------+----------+-------------+----+--------------------------------------------------------------------------------------+


+----+----+----+
|    | X0 | X1 |
+----+----+----+
| Y4 |  0 |  0 |
| Y3 |  0 |  0 |
| Y2 |  1 |  0 |
| Y1 |  0 |  0 |
| Y0 |  0 |  0 |
+----+----+----+



# Location of BUFG Primitives 
set_property LOC BUFGCTRL_X0Y3 [get_cells qpcie_ipcore/qpcie_xx_hip_top/g_xx_pcie_hip.qpcie_pcie_core_inst/pipe_clock_i/userclk1_i1.usrclk1_i1]
set_property LOC BUFGCTRL_X0Y17 [get_cells qpcie_ipcore/qpcie_xx_hip_top/g_xx_pcie_hip.qpcie_pcie_core_inst/pipe_clock_i/txoutclk_i.txoutclk_i]
set_property LOC BUFGCTRL_X0Y0 [get_cells qpcie_ipcore/qpcie_xx_hip_top/g_xx_pcie_hip.qpcie_pcie_core_inst/pipe_clock_i/userclk2_i1.usrclk2_i1]
set_property LOC BUFGCTRL_X0Y1 [get_cells qpcie_ipcore/qpcie_xx_hip_top/g_xx_pcie_hip.qpcie_pcie_core_inst/pipe_clock_i/pclk_i1_bufgctrl.pclk_i1]
set_property LOC BUFGCTRL_X0Y2 [get_cells qpcie_ipcore/qpcie_xx_hip_top/g_xx_pcie_hip.qpcie_pcie_core_inst/pipe_clock_i/dclk_i_bufg.dclk_i]
set_property LOC BUFGCTRL_X0Y16 [get_cells qpcie_ipcore/qpcie_xx_hip_top/g_xx_pcie_hip.qpcie_pcie_core_inst/pcie_7x_0_i/inst/gt_top_i/pipe_wrapper_i/cpllpd_refclk_inst]
set_property LOC BUFGCTRL_X0Y4 [get_cells dbg_hub/inst/N_EXT_BSCAN.u_bufg_icon]
set_property LOC BUFGCTRL_X0Y5 [get_cells dbg_hub/inst/N_EXT_BSCAN.u_bufg_icon_update]

# Location of IO Primitives which is load of clock spine

# Location of clock ports
set_property LOC IPAD_X1Y45 [get_ports sys_clk_n]
set_property LOC IPAD_X1Y44 [get_ports sys_clk_p]

# Clock net "qpcie_ipcore/qpcie_xx_hip_top/g_xx_pcie_hip.qpcie_pcie_core_inst/pipe_clock_i/user_clk" driven by instance "qpcie_ipcore/qpcie_xx_hip_top/g_xx_pcie_hip.qpcie_pcie_core_inst/pipe_clock_i/userclk1_i1.usrclk1_i1" located at site "BUFGCTRL_X0Y3"
#startgroup
create_pblock {CLKAG_qpcie_ipcore/qpcie_xx_hip_top/g_xx_pcie_hip.qpcie_pcie_core_inst/pipe_clock_i/user_clk}
add_cells_to_pblock [get_pblocks  {CLKAG_qpcie_ipcore/qpcie_xx_hip_top/g_xx_pcie_hip.qpcie_pcie_core_inst/pipe_clock_i/user_clk}] [get_cells -filter { PRIMITIVE_GROUP != I/O && IS_PRIMITIVE==1 && PRIMITIVE_LEVEL !=INTERNAL } -of_object [get_pins -filter {DIRECTION==IN} -of_objects [get_nets -hierarchical -filter {PARENT=="qpcie_ipcore/qpcie_xx_hip_top/g_xx_pcie_hip.qpcie_pcie_core_inst/pipe_clock_i/user_clk"}]]]
resize_pblock [get_pblocks {CLKAG_qpcie_ipcore/qpcie_xx_hip_top/g_xx_pcie_hip.qpcie_pcie_core_inst/pipe_clock_i/user_clk}] -add {CLOCKREGION_X1Y3:CLOCKREGION_X1Y3}
#endgroup

# Clock net "qpcie_ipcore/qpcie_xx_hip_top/g_xx_pcie_hip.qpcie_pcie_core_inst/pipe_clock_i/qpcie_clk_out" driven by instance "qpcie_ipcore/qpcie_xx_hip_top/g_xx_pcie_hip.qpcie_pcie_core_inst/pipe_clock_i/userclk2_i1.usrclk2_i1" located at site "BUFGCTRL_X0Y0"
#startgroup
create_pblock {CLKAG_qpcie_ipcore/qpcie_xx_hip_top/g_xx_pcie_hip.qpcie_pcie_core_inst/pipe_clock_i/qpcie_clk_out}
add_cells_to_pblock [get_pblocks  {CLKAG_qpcie_ipcore/qpcie_xx_hip_top/g_xx_pcie_hip.qpcie_pcie_core_inst/pipe_clock_i/qpcie_clk_out}] [get_cells -filter { PRIMITIVE_GROUP != I/O && IS_PRIMITIVE==1 && PRIMITIVE_LEVEL !=INTERNAL } -of_object [get_pins -filter {DIRECTION==IN} -of_objects [get_nets -hierarchical -filter {PARENT=="qpcie_ipcore/qpcie_xx_hip_top/g_xx_pcie_hip.qpcie_pcie_core_inst/pipe_clock_i/qpcie_clk_out"}]]]
resize_pblock [get_pblocks {CLKAG_qpcie_ipcore/qpcie_xx_hip_top/g_xx_pcie_hip.qpcie_pcie_core_inst/pipe_clock_i/qpcie_clk_out}] -add {CLOCKREGION_X0Y0:CLOCKREGION_X0Y0 CLOCKREGION_X0Y1:CLOCKREGION_X0Y1 CLOCKREGION_X0Y2:CLOCKREGION_X0Y2 CLOCKREGION_X0Y3:CLOCKREGION_X0Y3 CLOCKREGION_X0Y4:CLOCKREGION_X0Y4 CLOCKREGION_X1Y0:CLOCKREGION_X1Y0 CLOCKREGION_X1Y1:CLOCKREGION_X1Y1 CLOCKREGION_X1Y2:CLOCKREGION_X1Y2 CLOCKREGION_X1Y3:CLOCKREGION_X1Y3 CLOCKREGION_X1Y4:CLOCKREGION_X1Y4}
#endgroup

# Clock net "qpcie_ipcore/qpcie_xx_hip_top/g_xx_pcie_hip.qpcie_pcie_core_inst/pipe_clock_i/pipe_oobclk_out" driven by instance "qpcie_ipcore/qpcie_xx_hip_top/g_xx_pcie_hip.qpcie_pcie_core_inst/pipe_clock_i/pclk_i1_bufgctrl.pclk_i1" located at site "BUFGCTRL_X0Y1"
#startgroup
create_pblock {CLKAG_qpcie_ipcore/qpcie_xx_hip_top/g_xx_pcie_hip.qpcie_pcie_core_inst/pipe_clock_i/pipe_oobclk_out}
add_cells_to_pblock [get_pblocks  {CLKAG_qpcie_ipcore/qpcie_xx_hip_top/g_xx_pcie_hip.qpcie_pcie_core_inst/pipe_clock_i/pipe_oobclk_out}] [get_cells -filter { PRIMITIVE_GROUP != I/O && IS_PRIMITIVE==1 && PRIMITIVE_LEVEL !=INTERNAL } -of_object [get_pins -filter {DIRECTION==IN} -of_objects [get_nets -hierarchical -filter {PARENT=="qpcie_ipcore/qpcie_xx_hip_top/g_xx_pcie_hip.qpcie_pcie_core_inst/pipe_clock_i/pipe_oobclk_out"}]]]
resize_pblock [get_pblocks {CLKAG_qpcie_ipcore/qpcie_xx_hip_top/g_xx_pcie_hip.qpcie_pcie_core_inst/pipe_clock_i/pipe_oobclk_out}] -add {CLOCKREGION_X1Y3:CLOCKREGION_X1Y3 CLOCKREGION_X1Y4:CLOCKREGION_X1Y4}
#endgroup

# Clock net "qpcie_ipcore/qpcie_xx_hip_top/g_xx_pcie_hip.qpcie_pcie_core_inst/pipe_clock_i/CLK" driven by instance "qpcie_ipcore/qpcie_xx_hip_top/g_xx_pcie_hip.qpcie_pcie_core_inst/pipe_clock_i/dclk_i_bufg.dclk_i" located at site "BUFGCTRL_X0Y2"
#startgroup
create_pblock {CLKAG_qpcie_ipcore/qpcie_xx_hip_top/g_xx_pcie_hip.qpcie_pcie_core_inst/pipe_clock_i/CLK}
add_cells_to_pblock [get_pblocks  {CLKAG_qpcie_ipcore/qpcie_xx_hip_top/g_xx_pcie_hip.qpcie_pcie_core_inst/pipe_clock_i/CLK}] [get_cells -filter { PRIMITIVE_GROUP != I/O && IS_PRIMITIVE==1 && PRIMITIVE_LEVEL !=INTERNAL } -of_object [get_pins -filter {DIRECTION==IN} -of_objects [get_nets -hierarchical -filter {PARENT=="qpcie_ipcore/qpcie_xx_hip_top/g_xx_pcie_hip.qpcie_pcie_core_inst/pipe_clock_i/CLK"}]]]
resize_pblock [get_pblocks {CLKAG_qpcie_ipcore/qpcie_xx_hip_top/g_xx_pcie_hip.qpcie_pcie_core_inst/pipe_clock_i/CLK}] -add {CLOCKREGION_X1Y4:CLOCKREGION_X1Y4}
#endgroup

# Clock net "dbg_hub/inst/idrck" driven by instance "dbg_hub/inst/N_EXT_BSCAN.u_bufg_icon" located at site "BUFGCTRL_X0Y4"
#startgroup
create_pblock {CLKAG_dbg_hub/inst/idrck}
add_cells_to_pblock [get_pblocks  {CLKAG_dbg_hub/inst/idrck}] [get_cells -filter { PRIMITIVE_GROUP != I/O && IS_PRIMITIVE==1 && PRIMITIVE_LEVEL !=INTERNAL } -of_object [get_pins -filter {DIRECTION==IN} -of_objects [get_nets -hierarchical -filter {PARENT=="dbg_hub/inst/idrck"}]]]
resize_pblock [get_pblocks {CLKAG_dbg_hub/inst/idrck}] -add {CLOCKREGION_X0Y1:CLOCKREGION_X0Y1}
#endgroup

# Clock net "dbg_hub/inst/UPDATE_temp" driven by instance "dbg_hub/inst/N_EXT_BSCAN.u_bufg_icon_update" located at site "BUFGCTRL_X0Y5"
#startgroup
create_pblock {CLKAG_dbg_hub/inst/UPDATE_temp}
add_cells_to_pblock [get_pblocks  {CLKAG_dbg_hub/inst/UPDATE_temp}] [get_cells -filter { PRIMITIVE_GROUP != I/O && IS_PRIMITIVE==1 && PRIMITIVE_LEVEL !=INTERNAL } -of_object [get_pins -filter {DIRECTION==IN} -of_objects [get_nets -hierarchical -filter {PARENT=="dbg_hub/inst/UPDATE_temp"}]]]
resize_pblock [get_pblocks {CLKAG_dbg_hub/inst/UPDATE_temp}] -add {CLOCKREGION_X0Y1:CLOCKREGION_X0Y1}
#endgroup
