#-----------------------------------------------------------
# Vivado v2016.2 (64-bit)
# SW Build 1577090 on Thu Jun  2 16:32:35 MDT 2016
# IP Build 1577682 on Fri Jun  3 12:00:54 MDT 2016
# Start of session at: Mon Oct  3 14:48:53 2016
# Process ID: 14327
# Current directory: /home/asautaux/vhdl/quickpcie-expert_gen2_v156_b085_xilinx_eval/ref_design/synthesis/xilinx/plda_xpressk7_xc7k160tfbg676-2/x4_gen2/vlog/qpcie_ref_design/qpcie_ref_design.runs/impl_1
# Command line: vivado -log qpcie_xilinx_top.vdi -applog -messageDb vivado.pb -mode batch -source qpcie_xilinx_top.tcl -notrace
# Log file: /home/asautaux/vhdl/quickpcie-expert_gen2_v156_b085_xilinx_eval/ref_design/synthesis/xilinx/plda_xpressk7_xc7k160tfbg676-2/x4_gen2/vlog/qpcie_ref_design/qpcie_ref_design.runs/impl_1/qpcie_xilinx_top.vdi
# Journal file: /home/asautaux/vhdl/quickpcie-expert_gen2_v156_b085_xilinx_eval/ref_design/synthesis/xilinx/plda_xpressk7_xc7k160tfbg676-2/x4_gen2/vlog/qpcie_ref_design/qpcie_ref_design.runs/impl_1/vivado.jou
#-----------------------------------------------------------
source qpcie_xilinx_top.tcl -notrace
