Copyright 1986-2016 Xilinx, Inc. All Rights Reserved.
---------------------------------------------------------------------------------------------------
| Tool Version      : Vivado v.2016.2 (lin64) Build 1577090 Thu Jun  2 16:32:35 MDT 2016
| Date              : Fri Dec 16 11:13:52 2016
| Host              : spikepig.dhcp.lbl.gov running 64-bit CentOS Linux release 7.2.1511 (Core)
| Command           : report_clock_utilization -file design_1_wrapper_clock_utilization_routed.rpt
| Design            : design_1_wrapper
| Device            : 7k160t-fbg676
| Speed File        : -2  PRODUCTION 1.12 2014-09-11
| Temperature Grade : C
---------------------------------------------------------------------------------------------------

Clock Utilization Report

Table of Contents
-----------------
1. Clock Primitive Utilization
2. Global Clock Resources
3. Global Clock Source Details
4. Local Clock Details
5. Clock Regions: Key Resource Utilization
6. Clock Regions : Global Clock Summary
7. Cell Type Counts per Global Clock: Region X1Y1
8. Cell Type Counts per Global Clock: Region X0Y2
9. Cell Type Counts per Global Clock: Region X1Y2
10. Cell Type Counts per Global Clock: Region X1Y3
11. Cell Type Counts per Global Clock: Region X1Y4
12. Load Cell Placement Summary for Global Clock g0
13. Load Cell Placement Summary for Global Clock g1
14. Load Cell Placement Summary for Global Clock g2
15. Load Cell Placement Summary for Global Clock g3
16. Load Cell Placement Summary for Global Clock g4
17. Load Cell Placement Summary for Global Clock g5
18. Load Cell Placement Summary for Global Clock g6

1. Clock Primitive Utilization
------------------------------

+----------+------+-----------+-----+--------------+--------+
| Type     | Used | Available | LOC | Clock Region | Pblock |
+----------+------+-----------+-----+--------------+--------+
| BUFGCTRL |    7 |        32 |   0 |            0 |      0 |
| BUFH     |    0 |       120 |   0 |            0 |      0 |
| BUFIO    |    0 |        32 |   0 |            0 |      0 |
| BUFMR    |    0 |        16 |   0 |            0 |      0 |
| BUFR     |    0 |        32 |   0 |            0 |      0 |
| MMCM     |    1 |         8 |   0 |            0 |      0 |
| PLL      |    0 |         8 |   0 |            0 |      0 |
+----------+------+-----------+-----+--------------+--------+


2. Global Clock Resources
-------------------------

+-------+-------+-----------------+------------+----------------+--------------+------+-------------------+---------------+-------------+-----------------+--------------+---------------------------------------------------------------------+-------------------------------------------------------------------------------------------------------------+----------------------------------------------------------------------------------------------------+
| GlbID | SrcId | Driver Type/Pin | Constraint | Site           | Clock Region | Root | Clock Delay Group | Clock Regions | Clock Loads | Non-Clock Loads | Clock Period | Clock                                                               | Driver Pin                                                                                                  | Net                                                                                                |
+-------+-------+-----------------+------------+----------------+--------------+------+-------------------+---------------+-------------+-----------------+--------------+---------------------------------------------------------------------+-------------------------------------------------------------------------------------------------------------+----------------------------------------------------------------------------------------------------+
| g0    | src0  | BUFG/O          | None       | BUFGCTRL_X0Y0  | n/a          |      |                   |             3 |        3764 |               0 |        4.000 | userclk1                                                            | design_1_i/pcie_7x_0/U0/inst/gt_top_i/pipe_wrapper_i/pipe_clock_int.pipe_clock_i/userclk1_i1.usrclk1_i1/O   | design_1_i/pcie_7x_0/U0/inst/gt_top_i/pipe_wrapper_i/pipe_clock_int.pipe_clock_i/INT_USERCLK1_OUT  |
| g1    | src0  | BUFGCTRL/O      | None       | BUFGCTRL_X0Y1  | n/a          |      |                   |             2 |        1287 |               0 |        4.000 | Multiple                                                            | design_1_i/pcie_7x_0/U0/inst/gt_top_i/pipe_wrapper_i/pipe_clock_int.pipe_clock_i/pclk_i1_bufgctrl.pclk_i1/O | design_1_i/pcie_7x_0/U0/inst/gt_top_i/pipe_wrapper_i/pipe_clock_int.pipe_clock_i/CLK               |
| g2    | src0  | BUFG/O          | None       | BUFGCTRL_X0Y2  | n/a          |      |                   |             2 |         379 |               0 |        8.000 | clk_125mhz_x0y0                                                     | design_1_i/pcie_7x_0/U0/inst/gt_top_i/pipe_wrapper_i/pipe_clock_int.pipe_clock_i/dclk_i_bufg.dclk_i/O       | design_1_i/pcie_7x_0/U0/inst/gt_top_i/pipe_wrapper_i/pipe_clock_int.pipe_clock_i/dclk_rst_reg2_reg |
| g3    | src1  | BUFG/O          | None       | BUFGCTRL_X0Y3  | n/a          |      |                   |             1 |         269 |               0 |       30.000 | dbg_hub/inst/N_EXT_BSCAN.bscan_inst/SERIES7_BSCAN.bscan_inst/DRCK   | dbg_hub/inst/N_EXT_BSCAN.u_bufg_icon/O                                                                      | dbg_hub/inst/idrck                                                                                 |
| g4    | src2  | BUFG/O          | None       | BUFGCTRL_X0Y16 | n/a          |      |                   |             1 |          36 |               0 |       10.000 | clk_in                                                              | design_1_i/pcie_7x_0/U0/inst/gt_top_i/pipe_wrapper_i/cpllpd_refclk_inst/O                                   | design_1_i/pcie_7x_0/U0/inst/gt_top_i/pipe_wrapper_i/gt_cpllpdrefclk                               |
| g5    | src1  | BUFG/O          | None       | BUFGCTRL_X0Y4  | n/a          |      |                   |             1 |           1 |               0 |       60.000 | dbg_hub/inst/N_EXT_BSCAN.bscan_inst/SERIES7_BSCAN.bscan_inst/UPDATE | dbg_hub/inst/N_EXT_BSCAN.u_bufg_icon_update/O                                                               | dbg_hub/inst/UPDATE_temp                                                                           |
| g6    | src3  | BUFG/O          | None       | BUFGCTRL_X0Y17 | n/a          |      |                   |             1 |           1 |               0 |       10.000 | txoutclk_x0y0                                                       | design_1_i/pcie_7x_0/U0/inst/gt_top_i/pipe_wrapper_i/pipe_clock_int.pipe_clock_i/txoutclk_i.txoutclk_i/O    | design_1_i/pcie_7x_0/U0/inst/gt_top_i/pipe_wrapper_i/pipe_clock_int.pipe_clock_i/refclk            |
+-------+-------+-----------------+------------+----------------+--------------+------+-------------------+---------------+-------------+-----------------+--------------+---------------------------------------------------------------------+-------------------------------------------------------------------------------------------------------------+----------------------------------------------------------------------------------------------------+
* Note: Multiple constraint types applied to the driver. Please check for potential conflicts.


3. Global Clock Source Details
------------------------------

+-------+--------+------------------------+--------------------+--------------------+--------------+-------------+-----------------+---------------------+---------------------------------------------------------------------+---------------------------------------------------------------------------------------------------------------------+--------------------------------------------------------------------------------------------------+
| SrcID | GlbIDs | Driver Type/Pin        | Constraint         | Site               | Clock Region | Clock Loads | Non-Clock Loads | Source Clock Period | Source Clock                                                        | Driver Pin                                                                                                          | Net                                                                                              |
+-------+--------+------------------------+--------------------+--------------------+--------------+-------------+-----------------+---------------------+---------------------------------------------------------------------+---------------------------------------------------------------------------------------------------------------------+--------------------------------------------------------------------------------------------------+
| src0  | g1, g2 | MMCME2_ADV/CLKOUT0     | None               | MMCME2_ADV_X0Y2    | X0Y2         |           1 |               1 |               8.000 | clk_125mhz_x0y0                                                     | design_1_i/pcie_7x_0/U0/inst/gt_top_i/pipe_wrapper_i/pipe_clock_int.pipe_clock_i/mmcm_i/CLKOUT0                     | design_1_i/pcie_7x_0/U0/inst/gt_top_i/pipe_wrapper_i/pipe_clock_int.pipe_clock_i/clk_125mhz      |
| src0  | g0     | MMCME2_ADV/CLKOUT2     | None               | MMCME2_ADV_X0Y2    | X0Y2         |           0 |               1 |               4.000 | userclk1                                                            | design_1_i/pcie_7x_0/U0/inst/gt_top_i/pipe_wrapper_i/pipe_clock_int.pipe_clock_i/mmcm_i/CLKOUT2                     | design_1_i/pcie_7x_0/U0/inst/gt_top_i/pipe_wrapper_i/pipe_clock_int.pipe_clock_i/userclk1        |
| src1  | g3     | BSCANE2/DRCK           | None               | BSCAN_X0Y0         | X0Y2         |           0 |               1 |              30.000 | dbg_hub/inst/N_EXT_BSCAN.bscan_inst/SERIES7_BSCAN.bscan_inst/DRCK   | dbg_hub/inst/N_EXT_BSCAN.bscan_inst/SERIES7_BSCAN.bscan_inst/DRCK                                                   | dbg_hub/inst/N_EXT_BSCAN.bscan_inst/DRCK                                                         |
| src1  | g5     | BSCANE2/UPDATE         | None               | BSCAN_X0Y0         | X0Y2         |           0 |               1 |              60.000 | dbg_hub/inst/N_EXT_BSCAN.bscan_inst/SERIES7_BSCAN.bscan_inst/UPDATE | dbg_hub/inst/N_EXT_BSCAN.bscan_inst/SERIES7_BSCAN.bscan_inst/UPDATE                                                 | dbg_hub/inst/N_EXT_BSCAN.bscan_inst/UPDATE                                                       |
| src2  | g4     | IBUFDS_GTE2/O          | IBUFDS_GTE2_X0Y2   | IBUFDS_GTE2_X0Y2   | X1Y4         |           5 |               1 |              10.000 | clk_in                                                              | design_1_i/util_ds_buf_0/U0/USE_IBUFDS_GTE2.GEN_IBUFDS_GTE2[0].IBUFDS_GTE2_I/O                                      | design_1_i/util_ds_buf_0/U0/IBUF_OUT[0]                                                          |
| src3  | g6     | GTXE2_CHANNEL/TXOUTCLK | GTXE2_CHANNEL_X0Y7 | GTXE2_CHANNEL_X0Y7 | X1Y4         |           0 |               1 |              10.000 | txoutclk_x0y0                                                       | design_1_i/pcie_7x_0/U0/inst/gt_top_i/pipe_wrapper_i/pipe_lane[0].gt_wrapper_i/gtx_channel.gtxe2_channel_i/TXOUTCLK | design_1_i/pcie_7x_0/U0/inst/gt_top_i/pipe_wrapper_i/pipe_lane[0].gt_wrapper_i/pipe_txoutclk_out |
+-------+--------+------------------------+--------------------+--------------------+--------------+-------------+-----------------+---------------------+---------------------------------------------------------------------+---------------------------------------------------------------------------------------------------------------------+--------------------------------------------------------------------------------------------------+
* Note: Multiple constraint types applied to the driver. Please check for potential conflicts.


4. Local Clock Details
----------------------

+-------+-------------------------+------------+--------------------------------+--------------+-------------+-----------------+--------------+-------+-----------------------------------------------------------------------------------------------------------------------------------------------------------------------------+--------------------------------------------------------------------------------------------------------------------------------------------------------+
| LocId | Driver Type/Pin         | Constraint | Site/BEL                       | Clock Region | Clock Loads | Non-Clock Loads | Clock Period | Clock | Driver Pin                                                                                                                                                                  | Net                                                                                                                                                    |
+-------+-------------------------+------------+--------------------------------+--------------+-------------+-----------------+--------------+-------+-----------------------------------------------------------------------------------------------------------------------------------------------------------------------------+--------------------------------------------------------------------------------------------------------------------------------------------------------+
| 0     | GTXE2_COMMON/QPLLOUTCLK | None       | GTXE2_COMMON_X0Y1/GTXE2_COMMON | X1Y4         |           4 |               0 |              |       | design_1_i/pcie_7x_0/U0/inst/gt_top_i/pipe_wrapper_i/pipe_lane[0].pipe_quad.gt_common_enabled.gt_common_int.gt_common_i/qpll_wrapper_i/gtx_common.gtxe2_common_i/QPLLOUTCLK | design_1_i/pcie_7x_0/U0/inst/gt_top_i/pipe_wrapper_i/pipe_lane[0].pipe_quad.gt_common_enabled.gt_common_int.gt_common_i/qpll_wrapper_i/QPLL_QPLLOUTCLK |
+-------+-------------------------+------------+--------------------------------+--------------+-------------+-----------------+--------------+-------+-----------------------------------------------------------------------------------------------------------------------------------------------------------------------------+--------------------------------------------------------------------------------------------------------------------------------------------------------+
* Note: Multiple constraint types applied to the driver. Please check for potential conflicts.


5. Clock Regions: Key Resource Utilization
------------------------------------------

+-------------------+--------------+--------------+--------------+--------------+--------------+--------------+--------------+--------------+--------------+--------------+--------------+--------------+--------------+--------------+--------------+
|                   | Global Clock |     BUFRs    |    BUFMRs    |    BUFIOs    |     MMCM     |      PLL     |      GT      |      PCI     |    ILOGIC    |    OLOGIC    |      FF      |     LUTM     |    RAMB18    |    RAMB36    |    DSP48E2   |
+-------------------+------+-------+------+-------+------+-------+------+-------+------+-------+------+-------+------+-------+------+-------+------+-------+------+-------+------+-------+------+-------+------+-------+------+-------+------+-------+
| Clock Region Name | Used | Avail | Used | Avail | Used | Avail | Used | Avail | Used | Avail | Used | Avail | Used | Avail | Used | Avail | Used | Avail | Used | Avail | Used | Avail | Used | Avail | Used | Avail | Used | Avail | Used | Avail |
+-------------------+------+-------+------+-------+------+-------+------+-------+------+-------+------+-------+------+-------+------+-------+------+-------+------+-------+------+-------+------+-------+------+-------+------+-------+------+-------+
| X0Y0              |    0 |    12 |    0 |     4 |    0 |     2 |    0 |     4 |    0 |     1 |    0 |     1 |    0 |     0 |    0 |     0 |    0 |    50 |    0 |    50 |    0 | 22400 |    0 |  3400 |    0 |     0 |    0 |    30 |    0 |    60 |
| X1Y0              |    0 |    12 |    0 |     4 |    0 |     2 |    0 |     4 |    0 |     1 |    0 |     1 |    0 |     0 |    0 |     0 |    0 |    50 |    0 |    50 |    0 | 21600 |    0 |  3800 |    0 |     0 |    0 |    40 |    0 |    60 |
| X0Y1              |    0 |    12 |    0 |     4 |    0 |     2 |    0 |     4 |    0 |     1 |    0 |     1 |    0 |     0 |    0 |     0 |    0 |    50 |    0 |    50 |    0 | 22400 |    0 |  3400 |    0 |     0 |    0 |    30 |    0 |    60 |
| X1Y1              |    1 |    12 |    0 |     4 |    0 |     2 |    0 |     4 |    0 |     1 |    0 |     1 |    0 |     0 |    0 |     0 |    0 |    50 |    0 |    50 |    1 | 21600 |    1 |  3800 |    0 |     0 |    0 |    40 |    0 |    60 |
| X0Y2              |    1 |    12 |    0 |     4 |    0 |     2 |    0 |     4 |    1 |     1 |    0 |     1 |    0 |     0 |    0 |     0 |    0 |    50 |    0 |    50 |    0 | 17600 |    0 |  3400 |    0 |     0 |    0 |    30 |    0 |    60 |
| X1Y2              |    1 |    12 |    0 |     4 |    0 |     2 |    0 |     4 |    0 |     1 |    0 |     1 |    0 |     0 |    0 |     0 |    0 |    50 |    0 |    50 |   36 | 21600 |    3 |  3800 |    0 |     0 |    2 |    40 |    0 |    60 |
| X0Y3              |    0 |    12 |    0 |     4 |    0 |     2 |    0 |     4 |    0 |     1 |    0 |     1 |    0 |     0 |    0 |     0 |    0 |    50 |    0 |    50 |    0 | 17600 |    0 |  3400 |    0 |     0 |    0 |    30 |    0 |    60 |
| X1Y3              |    5 |    12 |    0 |     0 |    0 |     0 |    0 |     0 |    0 |     0 |    0 |     0 |    0 |     5 |    0 |     0 |    0 |     0 |    0 |     0 | 2433 | 17200 |  302 |  3200 |    0 |     0 |   13 |    25 |    0 |    60 |
| X0Y4              |    0 |    12 |    0 |     4 |    0 |     2 |    0 |     4 |    0 |     1 |    0 |     1 |    0 |     0 |    0 |     0 |    0 |    50 |    0 |    50 |    0 | 22400 |    0 |  3400 |    0 |     0 |    0 |    30 |    0 |    60 |
| X1Y4              |    3 |    12 |    0 |     0 |    0 |     0 |    0 |     0 |    0 |     0 |    0 |     0 |    5 |     5 |    0 |     0 |    0 |     0 |    0 |     0 | 1012 | 18400 |   38 |  3400 |    0 |     0 |    0 |    30 |    0 |    60 |
+-------------------+------+-------+------+-------+------+-------+------+-------+------+-------+------+-------+------+-------+------+-------+------+-------+------+-------+------+-------+------+-------+------+-------+------+-------+------+-------+
* Used Global Clocks includes only global clock resources based on load placement but does not consider global clock resources used to traverse a clock region. Therefore the actual total of Used Global Clocks may be higher.
** RAMB36 site can be used as two RAMB18/FIFO18 sites.


6. Clock Regions : Global Clock Summary
---------------------------------------

+----+----+----+
|    | X0 | X1 |
+----+----+----+
| Y4 |  0 |  3 |
| Y3 |  0 |  5 |
| Y2 |  1 |  1 |
| Y1 |  0 |  1 |
| Y0 |  0 |  0 |
+----+----+----+
* Used Global Clocks includes only global clock resources based on load placement but does not consider global clock resources used to traverse a clock region. Therefore the actual total of Used Global Clocks may be higher.


7. Cell Type Counts per Global Clock: Region X1Y1
-------------------------------------------------

+-------+-------+-----------------+------------+-------------+-----------------+----+--------+------+-----+----+------+-----+---------+---------------------------------------------------------------------------------------------------+
| GlbID | Track | Driver Type/Pin | Constraint | Clock Loads | Non-Clock Loads | FF | LUTRAM | RAMB | DSP | GT | MMCM | PLL | Hard IP | Net                                                                                               |
+-------+-------+-----------------+------------+-------------+-----------------+----+--------+------+-----+----+------+-----+---------+---------------------------------------------------------------------------------------------------+
| g0    | n/a   | BUFG/O          | None       |           0 |               1 |  1 |      1 |    0 |   0 |  0 |    0 |   0 |       0 | design_1_i/pcie_7x_0/U0/inst/gt_top_i/pipe_wrapper_i/pipe_clock_int.pipe_clock_i/INT_USERCLK1_OUT |
+-------+-------+-----------------+------------+-------------+-----------------+----+--------+------+-----+----+------+-----+---------+---------------------------------------------------------------------------------------------------+
* Note: Multiple constraint types applied to the driver. Please check for potential conflicts.


8. Cell Type Counts per Global Clock: Region X0Y2
-------------------------------------------------

+-------+-------+-----------------+------------+-------------+-----------------+----+--------+------+-----+----+------+-----+---------+-----------------------------------------------------------------------------------------+
| GlbID | Track | Driver Type/Pin | Constraint | Clock Loads | Non-Clock Loads | FF | LUTRAM | RAMB | DSP | GT | MMCM | PLL | Hard IP | Net                                                                                     |
+-------+-------+-----------------+------------+-------------+-----------------+----+--------+------+-----+----+------+-----+---------+-----------------------------------------------------------------------------------------+
| g6    | n/a   | BUFG/O          | None       |           1 |               0 |  0 |      0 |    0 |   0 |  0 |    1 |   0 |       0 | design_1_i/pcie_7x_0/U0/inst/gt_top_i/pipe_wrapper_i/pipe_clock_int.pipe_clock_i/refclk |
+-------+-------+-----------------+------------+-------------+-----------------+----+--------+------+-----+----+------+-----+---------+-----------------------------------------------------------------------------------------+
* Note: Multiple constraint types applied to the driver. Please check for potential conflicts.


9. Cell Type Counts per Global Clock: Region X1Y2
-------------------------------------------------

+-------+-------+-----------------+------------+-------------+-----------------+----+--------+------+-----+----+------+-----+---------+---------------------------------------------------------------------------------------------------+
| GlbID | Track | Driver Type/Pin | Constraint | Clock Loads | Non-Clock Loads | FF | LUTRAM | RAMB | DSP | GT | MMCM | PLL | Hard IP | Net                                                                                               |
+-------+-------+-----------------+------------+-------------+-----------------+----+--------+------+-----+----+------+-----+---------+---------------------------------------------------------------------------------------------------+
| g0    | n/a   | BUFG/O          | None       |           0 |              38 | 36 |      3 |    2 |   0 |  0 |    0 |   0 |       0 | design_1_i/pcie_7x_0/U0/inst/gt_top_i/pipe_wrapper_i/pipe_clock_int.pipe_clock_i/INT_USERCLK1_OUT |
+-------+-------+-----------------+------------+-------------+-----------------+----+--------+------+-----+----+------+-----+---------+---------------------------------------------------------------------------------------------------+
* Note: Multiple constraint types applied to the driver. Please check for potential conflicts.


10. Cell Type Counts per Global Clock: Region X1Y3
--------------------------------------------------

+-------+-------+-----------------+------------+-------------+-----------------+------+--------+------+-----+----+------+-----+---------+----------------------------------------------------------------------------------------------------+
| GlbID | Track | Driver Type/Pin | Constraint | Clock Loads | Non-Clock Loads | FF   | LUTRAM | RAMB | DSP | GT | MMCM | PLL | Hard IP | Net                                                                                                |
+-------+-------+-----------------+------------+-------------+-----------------+------+--------+------+-----+----+------+-----+---------+----------------------------------------------------------------------------------------------------+
| g0    | n/a   | BUFG/O          | None       |           0 |            2147 | 2133 |    277 |   13 |   0 |  0 |    0 |   0 |       1 | design_1_i/pcie_7x_0/U0/inst/gt_top_i/pipe_wrapper_i/pipe_clock_int.pipe_clock_i/INT_USERCLK1_OUT  |
| g1    | n/a   | BUFGCTRL/O      | None       |           0 |             119 |  118 |     11 |    0 |   0 |  0 |    0 |   0 |       1 | design_1_i/pcie_7x_0/U0/inst/gt_top_i/pipe_wrapper_i/pipe_clock_int.pipe_clock_i/CLK               |
| g2    | n/a   | BUFG/O          | None       |           0 |              24 |   24 |      1 |    0 |   0 |  0 |    0 |   0 |       0 | design_1_i/pcie_7x_0/U0/inst/gt_top_i/pipe_wrapper_i/pipe_clock_int.pipe_clock_i/dclk_rst_reg2_reg |
| g3    | n/a   | BUFG/O          | None       |           0 |             163 |  163 |     19 |    0 |   0 |  0 |    0 |   0 |       0 | dbg_hub/inst/idrck                                                                                 |
| g5    | n/a   | BUFG/O          | None       |           0 |               1 |    1 |      0 |    0 |   0 |  0 |    0 |   0 |       0 | dbg_hub/inst/UPDATE_temp                                                                           |
+-------+-------+-----------------+------------+-------------+-----------------+------+--------+------+-----+----+------+-----+---------+----------------------------------------------------------------------------------------------------+
* Note: Multiple constraint types applied to the driver. Please check for potential conflicts.


11. Cell Type Counts per Global Clock: Region X1Y4
--------------------------------------------------

+-------+-------+-----------------+------------+-------------+-----------------+-----+--------+------+-----+----+------+-----+---------+----------------------------------------------------------------------------------------------------+
| GlbID | Track | Driver Type/Pin | Constraint | Clock Loads | Non-Clock Loads | FF  | LUTRAM | RAMB | DSP | GT | MMCM | PLL | Hard IP | Net                                                                                                |
+-------+-------+-----------------+------------+-------------+-----------------+-----+--------+------+-----+----+------+-----+---------+----------------------------------------------------------------------------------------------------+
| g1    | n/a   | BUFGCTRL/O      | None       |           0 |             723 | 719 |     29 |    0 |   0 |  4 |    0 |   0 |       0 | design_1_i/pcie_7x_0/U0/inst/gt_top_i/pipe_wrapper_i/pipe_clock_int.pipe_clock_i/CLK               |
| g2    | n/a   | BUFG/O          | None       |           0 |             294 | 289 |      5 |    0 |   0 |  5 |    0 |   0 |       0 | design_1_i/pcie_7x_0/U0/inst/gt_top_i/pipe_wrapper_i/pipe_clock_int.pipe_clock_i/dclk_rst_reg2_reg |
| g4    | n/a   | BUFG/O          | None       |           0 |               4 |   4 |      4 |    0 |   0 |  0 |    0 |   0 |       0 | design_1_i/pcie_7x_0/U0/inst/gt_top_i/pipe_wrapper_i/gt_cpllpdrefclk                               |
+-------+-------+-----------------+------------+-------------+-----------------+-----+--------+------+-----+----+------+-----+---------+----------------------------------------------------------------------------------------------------+
* Note: Multiple constraint types applied to the driver. Please check for potential conflicts.


12. Load Cell Placement Summary for Global Clock g0
---------------------------------------------------

+-------+-----------------+-------------------+----------+-------------+---------------+----------+-------------+----------+-------------+----+---------------------------------------------------------------------------------------------------+
| GlbID | Driver Type/Pin | Driver Region (D) | Clock    | Period (ns) | Waveform (ns) | Root (R) | Slice Loads | IO Loads | Clock Loads | GT | Net                                                                                               |
+-------+-----------------+-------------------+----------+-------------+---------------+----------+-------------+----------+-------------+----+---------------------------------------------------------------------------------------------------+
| g0    | BUFG/O          | n/a               | userclk1 |       4.000 | {0.000 2.000} |          |        2186 |        0 |           0 |  0 | design_1_i/pcie_7x_0/U0/inst/gt_top_i/pipe_wrapper_i/pipe_clock_int.pipe_clock_i/INT_USERCLK1_OUT |
+-------+-----------------+-------------------+----------+-------------+---------------+----------+-------------+----------+-------------+----+---------------------------------------------------------------------------------------------------+


+----+----+-------+
|    | X0 | X1    |
+----+----+-------+
| Y4 |  0 |     0 |
| Y3 |  0 |  2147 |
| Y2 |  0 |    38 |
| Y1 |  0 |     1 |
| Y0 |  0 |     0 |
+----+----+-------+


13. Load Cell Placement Summary for Global Clock g1
---------------------------------------------------

+-------+-----------------+-------------------+----------+-------------+---------------+----------+-------------+----------+-------------+----+--------------------------------------------------------------------------------------+
| GlbID | Driver Type/Pin | Driver Region (D) | Clock    | Period (ns) | Waveform (ns) | Root (R) | Slice Loads | IO Loads | Clock Loads | GT | Net                                                                                  |
+-------+-----------------+-------------------+----------+-------------+---------------+----------+-------------+----------+-------------+----+--------------------------------------------------------------------------------------+
| g1    | BUFGCTRL/O      | n/a               | Multiple |       4.000 | {0.000 2.000} |          |         838 |        0 |           0 |  4 | design_1_i/pcie_7x_0/U0/inst/gt_top_i/pipe_wrapper_i/pipe_clock_int.pipe_clock_i/CLK |
+-------+-----------------+-------------------+----------+-------------+---------------+----------+-------------+----------+-------------+----+--------------------------------------------------------------------------------------+


+----+----+------+
|    | X0 | X1   |
+----+----+------+
| Y4 |  0 |  723 |
| Y3 |  0 |  119 |
| Y2 |  0 |    0 |
| Y1 |  0 |    0 |
| Y0 |  0 |    0 |
+----+----+------+


14. Load Cell Placement Summary for Global Clock g2
---------------------------------------------------

+-------+-----------------+-------------------+-----------------+-------------+---------------+----------+-------------+----------+-------------+----+----------------------------------------------------------------------------------------------------+
| GlbID | Driver Type/Pin | Driver Region (D) | Clock           | Period (ns) | Waveform (ns) | Root (R) | Slice Loads | IO Loads | Clock Loads | GT | Net                                                                                                |
+-------+-----------------+-------------------+-----------------+-------------+---------------+----------+-------------+----------+-------------+----+----------------------------------------------------------------------------------------------------+
| g2    | BUFG/O          | n/a               | clk_125mhz_x0y0 |       8.000 | {0.000 4.000} |          |         313 |        0 |           0 |  5 | design_1_i/pcie_7x_0/U0/inst/gt_top_i/pipe_wrapper_i/pipe_clock_int.pipe_clock_i/dclk_rst_reg2_reg |
+-------+-----------------+-------------------+-----------------+-------------+---------------+----------+-------------+----------+-------------+----+----------------------------------------------------------------------------------------------------+


+----+----+------+
|    | X0 | X1   |
+----+----+------+
| Y4 |  0 |  294 |
| Y3 |  0 |   24 |
| Y2 |  0 |    0 |
| Y1 |  0 |    0 |
| Y0 |  0 |    0 |
+----+----+------+


15. Load Cell Placement Summary for Global Clock g3
---------------------------------------------------

+-------+-----------------+-------------------+-------------------------------------------------------------------+-------------+----------------+----------+-------------+----------+-------------+----+--------------------+
| GlbID | Driver Type/Pin | Driver Region (D) | Clock                                                             | Period (ns) | Waveform (ns)  | Root (R) | Slice Loads | IO Loads | Clock Loads | GT | Net                |
+-------+-----------------+-------------------+-------------------------------------------------------------------+-------------+----------------+----------+-------------+----------+-------------+----+--------------------+
| g3    | BUFG/O          | n/a               | dbg_hub/inst/N_EXT_BSCAN.bscan_inst/SERIES7_BSCAN.bscan_inst/DRCK |      30.000 | {0.000 15.000} |          |         163 |        0 |           0 |  0 | dbg_hub/inst/idrck |
+-------+-----------------+-------------------+-------------------------------------------------------------------+-------------+----------------+----------+-------------+----------+-------------+----+--------------------+


+----+----+------+
|    | X0 | X1   |
+----+----+------+
| Y4 |  0 |    0 |
| Y3 |  0 |  163 |
| Y2 |  0 |    0 |
| Y1 |  0 |    0 |
| Y0 |  0 |    0 |
+----+----+------+


16. Load Cell Placement Summary for Global Clock g4
---------------------------------------------------

+-------+-----------------+-------------------+--------+-------------+---------------+----------+-------------+----------+-------------+----+----------------------------------------------------------------------+
| GlbID | Driver Type/Pin | Driver Region (D) | Clock  | Period (ns) | Waveform (ns) | Root (R) | Slice Loads | IO Loads | Clock Loads | GT | Net                                                                  |
+-------+-----------------+-------------------+--------+-------------+---------------+----------+-------------+----------+-------------+----+----------------------------------------------------------------------+
| g4    | BUFG/O          | n/a               | clk_in |      10.000 | {0.000 5.000} |          |           4 |        0 |           0 |  0 | design_1_i/pcie_7x_0/U0/inst/gt_top_i/pipe_wrapper_i/gt_cpllpdrefclk |
+-------+-----------------+-------------------+--------+-------------+---------------+----------+-------------+----------+-------------+----+----------------------------------------------------------------------+


+----+----+----+
|    | X0 | X1 |
+----+----+----+
| Y4 |  0 |  4 |
| Y3 |  0 |  0 |
| Y2 |  0 |  0 |
| Y1 |  0 |  0 |
| Y0 |  0 |  0 |
+----+----+----+


17. Load Cell Placement Summary for Global Clock g5
---------------------------------------------------

+-------+-----------------+-------------------+---------------------------------------------------------------------+-------------+----------------+----------+-------------+----------+-------------+----+--------------------------+
| GlbID | Driver Type/Pin | Driver Region (D) | Clock                                                               | Period (ns) | Waveform (ns)  | Root (R) | Slice Loads | IO Loads | Clock Loads | GT | Net                      |
+-------+-----------------+-------------------+---------------------------------------------------------------------+-------------+----------------+----------+-------------+----------+-------------+----+--------------------------+
| g5    | BUFG/O          | n/a               | dbg_hub/inst/N_EXT_BSCAN.bscan_inst/SERIES7_BSCAN.bscan_inst/UPDATE |      60.000 | {0.000 30.000} |          |           1 |        0 |           0 |  0 | dbg_hub/inst/UPDATE_temp |
+-------+-----------------+-------------------+---------------------------------------------------------------------+-------------+----------------+----------+-------------+----------+-------------+----+--------------------------+


+----+----+----+
|    | X0 | X1 |
+----+----+----+
| Y4 |  0 |  0 |
| Y3 |  0 |  1 |
| Y2 |  0 |  0 |
| Y1 |  0 |  0 |
| Y0 |  0 |  0 |
+----+----+----+


18. Load Cell Placement Summary for Global Clock g6
---------------------------------------------------

+-------+-----------------+-------------------+---------------+-------------+---------------+----------+-------------+----------+-------------+----+-----------------------------------------------------------------------------------------+
| GlbID | Driver Type/Pin | Driver Region (D) | Clock         | Period (ns) | Waveform (ns) | Root (R) | Slice Loads | IO Loads | Clock Loads | GT | Net                                                                                     |
+-------+-----------------+-------------------+---------------+-------------+---------------+----------+-------------+----------+-------------+----+-----------------------------------------------------------------------------------------+
| g6    | BUFG/O          | n/a               | txoutclk_x0y0 |      10.000 | {0.000 5.000} |          |           0 |        0 |           1 |  0 | design_1_i/pcie_7x_0/U0/inst/gt_top_i/pipe_wrapper_i/pipe_clock_int.pipe_clock_i/refclk |
+-------+-----------------+-------------------+---------------+-------------+---------------+----------+-------------+----------+-------------+----+-----------------------------------------------------------------------------------------+


+----+----+----+
|    | X0 | X1 |
+----+----+----+
| Y4 |  0 |  0 |
| Y3 |  0 |  0 |
| Y2 |  1 |  0 |
| Y1 |  0 |  0 |
| Y0 |  0 |  0 |
+----+----+----+



# Location of BUFG Primitives 
set_property LOC BUFGCTRL_X0Y17 [get_cells design_1_i/pcie_7x_0/U0/inst/gt_top_i/pipe_wrapper_i/pipe_clock_int.pipe_clock_i/txoutclk_i.txoutclk_i]
set_property LOC BUFGCTRL_X0Y2 [get_cells design_1_i/pcie_7x_0/U0/inst/gt_top_i/pipe_wrapper_i/pipe_clock_int.pipe_clock_i/dclk_i_bufg.dclk_i]
set_property LOC BUFGCTRL_X0Y0 [get_cells design_1_i/pcie_7x_0/U0/inst/gt_top_i/pipe_wrapper_i/pipe_clock_int.pipe_clock_i/userclk1_i1.usrclk1_i1]
set_property LOC BUFGCTRL_X0Y1 [get_cells design_1_i/pcie_7x_0/U0/inst/gt_top_i/pipe_wrapper_i/pipe_clock_int.pipe_clock_i/pclk_i1_bufgctrl.pclk_i1]
set_property LOC BUFGCTRL_X0Y16 [get_cells design_1_i/pcie_7x_0/U0/inst/gt_top_i/pipe_wrapper_i/cpllpd_refclk_inst]
set_property LOC BUFGCTRL_X0Y3 [get_cells dbg_hub/inst/N_EXT_BSCAN.u_bufg_icon]
set_property LOC BUFGCTRL_X0Y4 [get_cells dbg_hub/inst/N_EXT_BSCAN.u_bufg_icon_update]

# Location of IO Primitives which is load of clock spine

# Location of clock ports
set_property LOC IPAD_X1Y45 [get_ports CLK_IN_D_clk_n[0]]
set_property LOC IPAD_X1Y44 [get_ports CLK_IN_D_clk_p[0]]

# Clock net "design_1_i/pcie_7x_0/U0/inst/gt_top_i/pipe_wrapper_i/pipe_clock_int.pipe_clock_i/dclk_rst_reg2_reg" driven by instance "design_1_i/pcie_7x_0/U0/inst/gt_top_i/pipe_wrapper_i/pipe_clock_int.pipe_clock_i/dclk_i_bufg.dclk_i" located at site "BUFGCTRL_X0Y2"
#startgroup
create_pblock {CLKAG_design_1_i/pcie_7x_0/U0/inst/gt_top_i/pipe_wrapper_i/pipe_clock_int.pipe_clock_i/dclk_rst_reg2_reg}
add_cells_to_pblock [get_pblocks  {CLKAG_design_1_i/pcie_7x_0/U0/inst/gt_top_i/pipe_wrapper_i/pipe_clock_int.pipe_clock_i/dclk_rst_reg2_reg}] [get_cells -filter { PRIMITIVE_GROUP != I/O && IS_PRIMITIVE==1 && PRIMITIVE_LEVEL !=INTERNAL } -of_object [get_pins -filter {DIRECTION==IN} -of_objects [get_nets -hierarchical -filter {PARENT=="design_1_i/pcie_7x_0/U0/inst/gt_top_i/pipe_wrapper_i/pipe_clock_int.pipe_clock_i/dclk_rst_reg2_reg"}]]]
resize_pblock [get_pblocks {CLKAG_design_1_i/pcie_7x_0/U0/inst/gt_top_i/pipe_wrapper_i/pipe_clock_int.pipe_clock_i/dclk_rst_reg2_reg}] -add {CLOCKREGION_X1Y3:CLOCKREGION_X1Y3 CLOCKREGION_X1Y4:CLOCKREGION_X1Y4}
#endgroup

# Clock net "design_1_i/pcie_7x_0/U0/inst/gt_top_i/pipe_wrapper_i/pipe_clock_int.pipe_clock_i/INT_USERCLK1_OUT" driven by instance "design_1_i/pcie_7x_0/U0/inst/gt_top_i/pipe_wrapper_i/pipe_clock_int.pipe_clock_i/userclk1_i1.usrclk1_i1" located at site "BUFGCTRL_X0Y0"
#startgroup
create_pblock {CLKAG_design_1_i/pcie_7x_0/U0/inst/gt_top_i/pipe_wrapper_i/pipe_clock_int.pipe_clock_i/INT_USERCLK1_OUT}
add_cells_to_pblock [get_pblocks  {CLKAG_design_1_i/pcie_7x_0/U0/inst/gt_top_i/pipe_wrapper_i/pipe_clock_int.pipe_clock_i/INT_USERCLK1_OUT}] [get_cells -filter { PRIMITIVE_GROUP != I/O && IS_PRIMITIVE==1 && PRIMITIVE_LEVEL !=INTERNAL } -of_object [get_pins -filter {DIRECTION==IN} -of_objects [get_nets -hierarchical -filter {PARENT=="design_1_i/pcie_7x_0/U0/inst/gt_top_i/pipe_wrapper_i/pipe_clock_int.pipe_clock_i/INT_USERCLK1_OUT"}]]]
resize_pblock [get_pblocks {CLKAG_design_1_i/pcie_7x_0/U0/inst/gt_top_i/pipe_wrapper_i/pipe_clock_int.pipe_clock_i/INT_USERCLK1_OUT}] -add {CLOCKREGION_X1Y2:CLOCKREGION_X1Y2 CLOCKREGION_X1Y3:CLOCKREGION_X1Y3}
#endgroup

# Clock net "design_1_i/pcie_7x_0/U0/inst/gt_top_i/pipe_wrapper_i/pipe_clock_int.pipe_clock_i/CLK" driven by instance "design_1_i/pcie_7x_0/U0/inst/gt_top_i/pipe_wrapper_i/pipe_clock_int.pipe_clock_i/pclk_i1_bufgctrl.pclk_i1" located at site "BUFGCTRL_X0Y1"
#startgroup
create_pblock {CLKAG_design_1_i/pcie_7x_0/U0/inst/gt_top_i/pipe_wrapper_i/pipe_clock_int.pipe_clock_i/CLK}
add_cells_to_pblock [get_pblocks  {CLKAG_design_1_i/pcie_7x_0/U0/inst/gt_top_i/pipe_wrapper_i/pipe_clock_int.pipe_clock_i/CLK}] [get_cells -filter { PRIMITIVE_GROUP != I/O && IS_PRIMITIVE==1 && PRIMITIVE_LEVEL !=INTERNAL } -of_object [get_pins -filter {DIRECTION==IN} -of_objects [get_nets -hierarchical -filter {PARENT=="design_1_i/pcie_7x_0/U0/inst/gt_top_i/pipe_wrapper_i/pipe_clock_int.pipe_clock_i/CLK"}]]]
resize_pblock [get_pblocks {CLKAG_design_1_i/pcie_7x_0/U0/inst/gt_top_i/pipe_wrapper_i/pipe_clock_int.pipe_clock_i/CLK}] -add {CLOCKREGION_X1Y3:CLOCKREGION_X1Y3 CLOCKREGION_X1Y4:CLOCKREGION_X1Y4}
#endgroup

# Clock net "dbg_hub/inst/idrck" driven by instance "dbg_hub/inst/N_EXT_BSCAN.u_bufg_icon" located at site "BUFGCTRL_X0Y3"
#startgroup
create_pblock {CLKAG_dbg_hub/inst/idrck}
add_cells_to_pblock [get_pblocks  {CLKAG_dbg_hub/inst/idrck}] [get_cells -filter { PRIMITIVE_GROUP != I/O && IS_PRIMITIVE==1 && PRIMITIVE_LEVEL !=INTERNAL } -of_object [get_pins -filter {DIRECTION==IN} -of_objects [get_nets -hierarchical -filter {PARENT=="dbg_hub/inst/idrck"}]]]
resize_pblock [get_pblocks {CLKAG_dbg_hub/inst/idrck}] -add {CLOCKREGION_X1Y3:CLOCKREGION_X1Y3}
#endgroup

# Clock net "dbg_hub/inst/UPDATE_temp" driven by instance "dbg_hub/inst/N_EXT_BSCAN.u_bufg_icon_update" located at site "BUFGCTRL_X0Y4"
#startgroup
create_pblock {CLKAG_dbg_hub/inst/UPDATE_temp}
add_cells_to_pblock [get_pblocks  {CLKAG_dbg_hub/inst/UPDATE_temp}] [get_cells -filter { PRIMITIVE_GROUP != I/O && IS_PRIMITIVE==1 && PRIMITIVE_LEVEL !=INTERNAL } -of_object [get_pins -filter {DIRECTION==IN} -of_objects [get_nets -hierarchical -filter {PARENT=="dbg_hub/inst/UPDATE_temp"}]]]
resize_pblock [get_pblocks {CLKAG_dbg_hub/inst/UPDATE_temp}] -add {CLOCKREGION_X1Y3:CLOCKREGION_X1Y3}
#endgroup
